
*** Running vivado
    with args -log design_1_axi_gpio_0_10.vds -m64 -product Vivado -mode batch -messageDb vivado.pb -notrace -source design_1_axi_gpio_0_10.tcl



****** Vivado v2024.1 (64-bit)
  **** SW Build 5076996 on Wed May 22 18:37:14 MDT 2024
  **** IP Build 5075265 on Wed May 22 21:45:21 MDT 2024
  **** SharedData Build 5076995 on Wed May 22 18:29:18 MDT 2024
  **** Start of session at: Fri Mar 13 12:33:55 2026
    ** Copyright 1986-2022 Xilinx, Inc. All Rights Reserved.
    ** Copyright 2022-2024 Advanced Micro Devices, Inc. All Rights Reserved.

source design_1_axi_gpio_0_10.tcl -notrace
create_project: Time (s): cpu = 00:00:07 ; elapsed = 00:00:07 . Memory (MB): peak = 513.906 ; gain = 196.891
INFO: [IP_Flow 19-234] Refreshing IP repositories
INFO: [IP_Flow 19-1700] Loaded user IP repository 'd:/8trees5depth'.
WARNING: [IP_Flow 19-3656] If you move the project, the path for repository 'd:/8trees5depth' may become invalid. A better location for the repository would be in a path adjacent to the project. (Current project location is 'd:/8trees5depth/8trees5depth.runs/design_1_axi_gpio_0_10_synth_1'.)
INFO: [IP_Flow 19-2313] Loaded Vivado IP repository 'D:/AMDXILINX/Tool/Vivado/2024.1/data/ip'.
INFO: [IP_Flow 19-6924] IPCACHE: Running cache check for IP inst: design_1_axi_gpio_0_10
INFO: [IP_Flow 19-6922] IPCACHE: Exporting cached entry da2b6e4d9968d79a to dir: D:/8trees5depth/8trees5depth.runs/design_1_axi_gpio_0_10_synth_1
INFO: [IP_Flow 19-6928] IPCACHE: copied cached file d:/8trees5depth/8trees5depth.cache/ip/2024.1/d/a/da2b6e4d9968d79a/design_1_axi_gpio_0_9.dcp to D:/8trees5depth/8trees5depth.runs/design_1_axi_gpio_0_10_synth_1/design_1_axi_gpio_0_10.dcp.
INFO: [IP_Flow 19-6928] IPCACHE: copied cached file d:/8trees5depth/8trees5depth.cache/ip/2024.1/d/a/da2b6e4d9968d79a/design_1_axi_gpio_0_9_sim_netlist.v to D:/8trees5depth/8trees5depth.runs/design_1_axi_gpio_0_10_synth_1/design_1_axi_gpio_0_10_sim_netlist.v.
INFO: [IP_Flow 19-6928] IPCACHE: copied cached file d:/8trees5depth/8trees5depth.cache/ip/2024.1/d/a/da2b6e4d9968d79a/design_1_axi_gpio_0_9_sim_netlist.vhdl to D:/8trees5depth/8trees5depth.runs/design_1_axi_gpio_0_10_synth_1/design_1_axi_gpio_0_10_sim_netlist.vhdl.
INFO: [IP_Flow 19-6928] IPCACHE: copied cached file d:/8trees5depth/8trees5depth.cache/ip/2024.1/d/a/da2b6e4d9968d79a/design_1_axi_gpio_0_9_stub.v to D:/8trees5depth/8trees5depth.runs/design_1_axi_gpio_0_10_synth_1/design_1_axi_gpio_0_10_stub.v.
INFO: [IP_Flow 19-6928] IPCACHE: copied cached file d:/8trees5depth/8trees5depth.cache/ip/2024.1/d/a/da2b6e4d9968d79a/design_1_axi_gpio_0_9_stub.vhdl to D:/8trees5depth/8trees5depth.runs/design_1_axi_gpio_0_10_synth_1/design_1_axi_gpio_0_10_stub.vhdl.
INFO: [IP_Flow 19-4838] Using cached IP synthesis design for IP design_1_axi_gpio_0_10, cache-ID = da2b6e4d9968d79a.
INFO: [Common 17-206] Exiting Vivado at Fri Mar 13 12:34:04 2026...
