#-----------------------------------------------------------
# Vivado v2024.1 (64-bit)
# SW Build 5076996 on Wed May 22 18:37:14 MDT 2024
# IP Build 5075265 on Wed May 22 21:45:21 MDT 2024
# SharedData Build 5076995 on Wed May 22 18:29:18 MDT 2024
# Start of session at: Fri Mar 13 12:42:48 2026
# Process ID: 17144
# Current directory: D:/12tree6depth
# Command line: vivado.exe -gui_launcher_event rodinguilauncherevent10232 D:\12tree6depth\12tree6depth.xpr
# Log file: D:/12tree6depth/vivado.log
# Journal file: D:/12tree6depth\vivado.jou
# Running On        :DESKTOP-AUH71TB
# Platform          :Windows Server 2016 or Windows 10
# Operating System  :26200
# Processor Detail  :11th Gen Intel(R) Core(TM) i5-11400H @ 2.70GHz
# CPU Frequency     :2688 MHz
# CPU Physical cores:6
# CPU Logical cores :12
# Host memory       :16948 MB
# Swap memory       :1481 MB
# Total Virtual     :18430 MB
# Available Virtual :3524 MB
#-----------------------------------------------------------
start_gui
open_project D:/12tree6depth/12tree6depth.xpr
WARNING: [Board 49-26] cannot add Board Part xilinx.com:kcu105:part0:1.6 available at D:/AMDXILINX/Tool/Vivado/2024.1/data/xhub/boards/XilinxBoardStore/boards/Xilinx/kcu105/1.6/board.xml as part xcku040-ffva1156-2-e specified in board_part file is either invalid or not available
WARNING: [Board 49-26] cannot add Board Part xilinx.com:kcu105:part0:1.7 available at D:/AMDXILINX/Tool/Vivado/2024.1/data/xhub/boards/XilinxBoardStore/boards/Xilinx/kcu105/1.7/board.xml as part xcku040-ffva1156-2-e specified in board_part file is either invalid or not available
WARNING: [Board 49-26] cannot add Board Part xilinx.com:kcu116:part0:1.4 available at D:/AMDXILINX/Tool/Vivado/2024.1/data/xhub/boards/XilinxBoardStore/boards/Xilinx/kcu116/1.4/board.xml as part xcku5p-ffvb676-2-e specified in board_part file is either invalid or not available
WARNING: [Board 49-26] cannot add Board Part xilinx.com:kcu116:part0:1.5 available at D:/AMDXILINX/Tool/Vivado/2024.1/data/xhub/boards/XilinxBoardStore/boards/Xilinx/kcu116/1.5/board.xml as part xcku5p-ffvb676-2-e specified in board_part file is either invalid or not available
WARNING: [Board 49-26] cannot add Board Part xilinx.com:kcu1500:part0:1.2 available at D:/AMDXILINX/Tool/Vivado/2024.1/data/xhub/boards/XilinxBoardStore/boards/Xilinx/kcu1500/1.2/board.xml as part xcku115-flvb2104-2-e specified in board_part file is either invalid or not available
WARNING: [Board 49-26] cannot add Board Part xilinx.com:vck190:part0:2.2 available at D:/AMDXILINX/Tool/Vivado/2024.1/data/xhub/boards/XilinxBoardStore/boards/Xilinx/vck190/production/2.2/board.xml as part xcvc1902-vsva2197-2mp-e-s specified in board_part file is either invalid or not available
WARNING: [Board 49-26] cannot add Board Part xilinx.com:vck190:part0:3.0 available at D:/AMDXILINX/Tool/Vivado/2024.1/data/xhub/boards/XilinxBoardStore/boards/Xilinx/vck190/production/3.0/board.xml as part xcvc1902-vsva2197-2mp-e-s specified in board_part file is either invalid or not available
WARNING: [Board 49-26] cannot add Board Part xilinx.com:vck190:part0:3.1 available at D:/AMDXILINX/Tool/Vivado/2024.1/data/xhub/boards/XilinxBoardStore/boards/Xilinx/vck190/production/3.1/board.xml as part xcvc1902-vsva2197-2mp-e-s specified in board_part file is either invalid or not available
WARNING: [Board 49-26] cannot add Board Part xilinx.com:vck190:part0:3.2 available at D:/AMDXILINX/Tool/Vivado/2024.1/data/xhub/boards/XilinxBoardStore/boards/Xilinx/vck190/production/3.2/board.xml as part xcvc1902-vsva2197-2mp-e-s specified in board_part file is either invalid or not available
WARNING: [Board 49-26] cannot add Board Part xilinx.com:vck190:part0:3.3 available at D:/AMDXILINX/Tool/Vivado/2024.1/data/xhub/boards/XilinxBoardStore/boards/Xilinx/vck190/production/3.3/board.xml as part xcvc1902-vsva2197-2mp-e-s specified in board_part file is either invalid or not available
WARNING: [Board 49-26] cannot add Board Part xilinx.com:vck190_newl:part0:1.0 available at D:/AMDXILINX/Tool/Vivado/2024.1/data/xhub/boards/XilinxBoardStore/boards/Xilinx/vck190_newl/production/1.0/board.xml as part xcvc1902-vsva2197-2mp-e-s specified in board_part file is either invalid or not available
WARNING: [Board 49-26] cannot add Board Part xilinx.com:vck190_newl:part0:1.1 available at D:/AMDXILINX/Tool/Vivado/2024.1/data/xhub/boards/XilinxBoardStore/boards/Xilinx/vck190_newl/production/1.1/board.xml as part xcvc1902-vsva2197-2mp-e-s specified in board_part file is either invalid or not available
WARNING: [Board 49-26] cannot add Board Part xilinx.com:vck190_newl:part0:1.2 available at D:/AMDXILINX/Tool/Vivado/2024.1/data/xhub/boards/XilinxBoardStore/boards/Xilinx/vck190_newl/production/1.2/board.xml as part xcvc1902-vsva2197-2mp-e-s specified in board_part file is either invalid or not available
WARNING: [Board 49-26] cannot add Board Part xilinx.com:vcu108:part0:1.6 available at D:/AMDXILINX/Tool/Vivado/2024.1/data/xhub/boards/XilinxBoardStore/boards/Xilinx/vcu108/1.6/board.xml as part xcvu095-ffva2104-2-e specified in board_part file is either invalid or not available
WARNING: [Board 49-26] cannot add Board Part xilinx.com:vcu108:part0:1.7 available at D:/AMDXILINX/Tool/Vivado/2024.1/data/xhub/boards/XilinxBoardStore/boards/Xilinx/vcu108/1.7/board.xml as part xcvu095-ffva2104-2-e specified in board_part file is either invalid or not available
WARNING: [Board 49-26] cannot add Board Part xilinx.com:vcu110:part0:1.4 available at D:/AMDXILINX/Tool/Vivado/2024.1/data/xhub/boards/XilinxBoardStore/boards/Xilinx/vcu110/1.4/board.xml as part xcvu190-flgc2104-2-e specified in board_part file is either invalid or not available
WARNING: [Board 49-26] cannot add Board Part xilinx.com:vcu118:part0:2.0 available at D:/AMDXILINX/Tool/Vivado/2024.1/data/xhub/boards/XilinxBoardStore/boards/Xilinx/vcu118/2.0/board.xml as part xcvu9p-flga2104-2l-e specified in board_part file is either invalid or not available
WARNING: [Board 49-26] cannot add Board Part xilinx.com:vcu118:part0:2.3 available at D:/AMDXILINX/Tool/Vivado/2024.1/data/xhub/boards/XilinxBoardStore/boards/Xilinx/vcu118/2.3/board.xml as part xcvu9p-flga2104-2l-e specified in board_part file is either invalid or not available
WARNING: [Board 49-26] cannot add Board Part xilinx.com:vcu118:part0:2.4 available at D:/AMDXILINX/Tool/Vivado/2024.1/data/xhub/boards/XilinxBoardStore/boards/Xilinx/vcu118/2.4/board.xml as part xcvu9p-flga2104-2l-e specified in board_part file is either invalid or not available
WARNING: [Board 49-26] cannot add Board Part xilinx.com:vcu128:part0:1.0 available at D:/AMDXILINX/Tool/Vivado/2024.1/data/xhub/boards/XilinxBoardStore/boards/Xilinx/vcu128/production/1.0/board.xml as part xcvu37p-fsvh2892-2l-e specified in board_part file is either invalid or not available
WARNING: [Board 49-26] cannot add Board Part xilinx.com:vcu129:part0:1.0 available at D:/AMDXILINX/Tool/Vivado/2024.1/data/xhub/boards/XilinxBoardStore/boards/Xilinx/vcu129/production/1.0/board.xml as part xcvu29p-fsga2577-2l-e specified in board_part file is either invalid or not available
WARNING: [Board 49-26] cannot add Board Part xilinx.com:vcu1525:part0:1.3 available at D:/AMDXILINX/Tool/Vivado/2024.1/data/xhub/boards/XilinxBoardStore/boards/Xilinx/vcu1525/1.3/board.xml as part xcvu9p-fsgd2104-2l-e specified in board_part file is either invalid or not available
WARNING: [Board 49-26] cannot add Board Part xilinx.com:vek280:part0:1.0 available at D:/AMDXILINX/Tool/Vivado/2024.1/data/xhub/boards/XilinxBoardStore/boards/Xilinx/vek280/production/1.0/board.xml as part xcve2802-vsvh1760-2mp-e-s specified in board_part file is either invalid or not available
WARNING: [Board 49-26] cannot add Board Part xilinx.com:vek280:part0:1.1 available at D:/AMDXILINX/Tool/Vivado/2024.1/data/xhub/boards/XilinxBoardStore/boards/Xilinx/vek280/production/1.1/board.xml as part xcve2802-vsvh1760-2mp-e-s specified in board_part file is either invalid or not available
WARNING: [Board 49-26] cannot add Board Part xilinx.com:vek280:part0:1.2 available at D:/AMDXILINX/Tool/Vivado/2024.1/data/xhub/boards/XilinxBoardStore/boards/Xilinx/vek280/production/1.2/board.xml as part xcve2802-vsvh1760-2mp-e-s specified in board_part file is either invalid or not available
WARNING: [Board 49-26] cannot add Board Part xilinx.com:vek280_es:part0:1.0 available at D:/AMDXILINX/Tool/Vivado/2024.1/data/xhub/boards/XilinxBoardStore/boards/Xilinx/vek280/es/rev_a/1.0/board.xml as part xcve2802-vsvh1760-2lp-e-s-es1 specified in board_part file is either invalid or not available
WARNING: [Board 49-26] cannot add Board Part xilinx.com:vek280_es:part0:1.1 available at D:/AMDXILINX/Tool/Vivado/2024.1/data/xhub/boards/XilinxBoardStore/boards/Xilinx/vek280/es/rev_a/1.1/board.xml as part xcve2802-vsvh1760-2lp-e-s-es1 specified in board_part file is either invalid or not available
WARNING: [Board 49-26] cannot add Board Part xilinx.com:vek280_es_revb:part0:1.0 available at D:/AMDXILINX/Tool/Vivado/2024.1/data/xhub/boards/XilinxBoardStore/boards/Xilinx/vek280/es/rev_b/1.0/board.xml as part xcve2802-vsvh1760-2mp-e-s-es1 specified in board_part file is either invalid or not available
WARNING: [Board 49-26] cannot add Board Part xilinx.com:vek280_es_revb:part0:1.1 available at D:/AMDXILINX/Tool/Vivado/2024.1/data/xhub/boards/XilinxBoardStore/boards/Xilinx/vek280/es/rev_b/1.1/board.xml as part xcve2802-vsvh1760-2mp-e-s-es1 specified in board_part file is either invalid or not available
WARNING: [Board 49-26] cannot add Board Part xilinx.com:vhk158:part0:1.0 available at D:/AMDXILINX/Tool/Vivado/2024.1/data/xhub/boards/XilinxBoardStore/boards/Xilinx/vhk158/production/1.0/board.xml as part xcvh1582-vsva3697-2mp-e-s specified in board_part file is either invalid or not available
WARNING: [Board 49-26] cannot add Board Part xilinx.com:vhk158:part0:1.1 available at D:/AMDXILINX/Tool/Vivado/2024.1/data/xhub/boards/XilinxBoardStore/boards/Xilinx/vhk158/production/1.1/board.xml as part xcvh1582-vsva3697-2mp-e-s specified in board_part file is either invalid or not available
WARNING: [Board 49-26] cannot add Board Part xilinx.com:vhk158_es:part0:1.0 available at D:/AMDXILINX/Tool/Vivado/2024.1/data/xhub/boards/XilinxBoardStore/boards/Xilinx/vhk158/es/1.0/board.xml as part xcvh1582-vsva3697-2mp-e-s-es1 specified in board_part file is either invalid or not available
WARNING: [Board 49-26] cannot add Board Part xilinx.com:vhk158_es:part0:1.1 available at D:/AMDXILINX/Tool/Vivado/2024.1/data/xhub/boards/XilinxBoardStore/boards/Xilinx/vhk158/es/1.1/board.xml as part xcvh1582-vsva3697-2mp-e-s-es1 specified in board_part file is either invalid or not available
WARNING: [Board 49-26] cannot add Board Part xilinx.com:vmk180:part0:2.2 available at D:/AMDXILINX/Tool/Vivado/2024.1/data/xhub/boards/XilinxBoardStore/boards/Xilinx/vmk180/production/2.2/board.xml as part xcvm1802-vsva2197-2mp-e-s specified in board_part file is either invalid or not available
WARNING: [Board 49-26] cannot add Board Part xilinx.com:vmk180:part0:3.0 available at D:/AMDXILINX/Tool/Vivado/2024.1/data/xhub/boards/XilinxBoardStore/boards/Xilinx/vmk180/production/3.0/board.xml as part xcvm1802-vsva2197-2mp-e-s specified in board_part file is either invalid or not available
WARNING: [Board 49-26] cannot add Board Part xilinx.com:vmk180:part0:3.1 available at D:/AMDXILINX/Tool/Vivado/2024.1/data/xhub/boards/XilinxBoardStore/boards/Xilinx/vmk180/production/3.1/board.xml as part xcvm1802-vsva2197-2mp-e-s specified in board_part file is either invalid or not available
WARNING: [Board 49-26] cannot add Board Part xilinx.com:vmk180:part0:3.2 available at D:/AMDXILINX/Tool/Vivado/2024.1/data/xhub/boards/XilinxBoardStore/boards/Xilinx/vmk180/production/3.2/board.xml as part xcvm1802-vsva2197-2mp-e-s specified in board_part file is either invalid or not available
WARNING: [Board 49-26] cannot add Board Part xilinx.com:vmk180_newl:part0:1.0 available at D:/AMDXILINX/Tool/Vivado/2024.1/data/xhub/boards/XilinxBoardStore/boards/Xilinx/vmk180_newl/production/1.0/board.xml as part xcvm1802-vsva2197-2mp-e-s specified in board_part file is either invalid or not available
WARNING: [Board 49-26] cannot add Board Part xilinx.com:vmk180_newl:part0:1.1 available at D:/AMDXILINX/Tool/Vivado/2024.1/data/xhub/boards/XilinxBoardStore/boards/Xilinx/vmk180_newl/production/1.1/board.xml as part xcvm1802-vsva2197-2mp-e-s specified in board_part file is either invalid or not available
WARNING: [Board 49-26] cannot add Board Part xilinx.com:vpk120:part0:1.0 available at D:/AMDXILINX/Tool/Vivado/2024.1/data/xhub/boards/XilinxBoardStore/boards/Xilinx/vpk120/production/1.0/board.xml as part xcvp1202-vsva2785-2mp-e-s specified in board_part file is either invalid or not available
WARNING: [Board 49-26] cannot add Board Part xilinx.com:vpk120:part0:1.1 available at D:/AMDXILINX/Tool/Vivado/2024.1/data/xhub/boards/XilinxBoardStore/boards/Xilinx/vpk120/production/1.1/board.xml as part xcvp1202-vsva2785-2mp-e-s specified in board_part file is either invalid or not available
WARNING: [Board 49-26] cannot add Board Part xilinx.com:vpk120:part0:1.2 available at D:/AMDXILINX/Tool/Vivado/2024.1/data/xhub/boards/XilinxBoardStore/boards/Xilinx/vpk120/production/1.2/board.xml as part xcvp1202-vsva2785-2mp-e-s specified in board_part file is either invalid or not available
WARNING: [Board 49-26] cannot add Board Part xilinx.com:vpk180:part0:1.0 available at D:/AMDXILINX/Tool/Vivado/2024.1/data/xhub/boards/XilinxBoardStore/boards/Xilinx/vpk180/production/1.0/board.xml as part xcvp1802-lsvc4072-2mp-e-s specified in board_part file is either invalid or not available
WARNING: [Board 49-26] cannot add Board Part xilinx.com:vpk180:part0:1.1 available at D:/AMDXILINX/Tool/Vivado/2024.1/data/xhub/boards/XilinxBoardStore/boards/Xilinx/vpk180/production/1.1/board.xml as part xcvp1802-lsvc4072-2mp-e-s specified in board_part file is either invalid or not available
WARNING: [Board 49-26] cannot add Board Part xilinx.com:vpk180:part0:1.2 available at D:/AMDXILINX/Tool/Vivado/2024.1/data/xhub/boards/XilinxBoardStore/boards/Xilinx/vpk180/production/1.2/board.xml as part xcvp1802-lsvc4072-2mp-e-s specified in board_part file is either invalid or not available
WARNING: [Board 49-26] cannot add Board Part xilinx.com:zcu208ld:part0:2.0 available at D:/AMDXILINX/Tool/Vivado/2024.1/data/xhub/boards/XilinxBoardStore/boards/Xilinx/zcu208ld/production/2.0/board.xml as part xczu58dr-fsvg1517-2-i specified in board_part file is either invalid or not available
WARNING: [Board 49-26] cannot add Board Part xilinx.com:zcu216ld:part0:2.0 available at D:/AMDXILINX/Tool/Vivado/2024.1/data/xhub/boards/XilinxBoardStore/boards/Xilinx/zcu216ld/production/2.0/board.xml as part xczu59dr-ffvf1760-2-i specified in board_part file is either invalid or not available
WARNING: [Board 49-26] cannot add Board Part xilinx.com:zcu670ld:part0:1.0 available at D:/AMDXILINX/Tool/Vivado/2024.1/data/xhub/boards/XilinxBoardStore/boards/Xilinx/zcu670ld/1.0/board.xml as part xczu57dr-fsve1156-2-i specified in board_part file is either invalid or not available
INFO: [filemgmt 56-3] Default IP Output Path : Could not find the directory 'D:/12tree6depth/12tree6depth.gen/sources_1'.
Scanning sources...
Finished scanning sources
INFO: [IP_Flow 19-234] Refreshing IP repositories
INFO: [IP_Flow 19-1700] Loaded user IP repository 'd:/12tree6depth'.
INFO: [IP_Flow 19-2313] Loaded Vivado IP repository 'D:/AMDXILINX/Tool/Vivado/2024.1/data/ip'.
open_project: Time (s): cpu = 00:00:24 ; elapsed = 00:00:12 . Memory (MB): peak = 1639.441 ; gain = 240.125
update_compile_order -fileset sources_1
open_run synth_1 -name synth_1
Design is defaulting to impl run constrset: constrs_1
Design is defaulting to synth run part: xc7z010clg400-1
INFO: [Device 21-403] Loading part xc7z010clg400-1
INFO: [Device 21-9227] Part: xc7z010clg400-1 does not have CEAM library.
INFO: [Project 1-454] Reading design checkpoint 'd:/12tree6depth/design_1/ip/design_1_axi_gpio_0_0/design_1_axi_gpio_0_0.dcp' for cell 'design_1_i/axi_gpio_0'
INFO: [Project 1-454] Reading design checkpoint 'd:/12tree6depth/design_1/ip/design_1_axi_gpio_0_2/design_1_axi_gpio_0_2.dcp' for cell 'design_1_i/axi_gpio_1'
INFO: [Project 1-454] Reading design checkpoint 'd:/12tree6depth/design_1/ip/design_1_axi_gpio_9_0/design_1_axi_gpio_9_0.dcp' for cell 'design_1_i/axi_gpio_10'
INFO: [Project 1-454] Reading design checkpoint 'd:/12tree6depth/design_1/ip/design_1_axi_gpio_9_1/design_1_axi_gpio_9_1.dcp' for cell 'design_1_i/axi_gpio_11'
INFO: [Project 1-454] Reading design checkpoint 'd:/12tree6depth/design_1/ip/design_1_axi_gpio_0_3/design_1_axi_gpio_0_3.dcp' for cell 'design_1_i/axi_gpio_2'
INFO: [Project 1-454] Reading design checkpoint 'd:/12tree6depth/design_1/ip/design_1_axi_gpio_0_4/design_1_axi_gpio_0_4.dcp' for cell 'design_1_i/axi_gpio_3'
INFO: [Project 1-454] Reading design checkpoint 'd:/12tree6depth/design_1/ip/design_1_axi_gpio_0_5/design_1_axi_gpio_0_5.dcp' for cell 'design_1_i/axi_gpio_4'
INFO: [Project 1-454] Reading design checkpoint 'd:/12tree6depth/design_1/ip/design_1_axi_gpio_0_6/design_1_axi_gpio_0_6.dcp' for cell 'design_1_i/axi_gpio_5'
INFO: [Project 1-454] Reading design checkpoint 'd:/12tree6depth/design_1/ip/design_1_axi_gpio_0_7/design_1_axi_gpio_0_7.dcp' for cell 'design_1_i/axi_gpio_6'
INFO: [Project 1-454] Reading design checkpoint 'd:/12tree6depth/design_1/ip/design_1_axi_gpio_0_8/design_1_axi_gpio_0_8.dcp' for cell 'design_1_i/axi_gpio_7'
INFO: [Project 1-454] Reading design checkpoint 'd:/12tree6depth/design_1/ip/design_1_axi_gpio_0_9/design_1_axi_gpio_0_9.dcp' for cell 'design_1_i/axi_gpio_8'
INFO: [Project 1-454] Reading design checkpoint 'd:/12tree6depth/design_1/ip/design_1_axi_gpio_0_10/design_1_axi_gpio_0_10.dcp' for cell 'design_1_i/axi_gpio_9'
INFO: [Project 1-454] Reading design checkpoint 'd:/12tree6depth/design_1/ip/design_1_proc_sys_reset_0_0/design_1_proc_sys_reset_0_0.dcp' for cell 'design_1_i/proc_sys_reset_0'
INFO: [Project 1-454] Reading design checkpoint 'd:/12tree6depth/design_1/ip/design_1_processing_system7_0_0/design_1_processing_system7_0_0.dcp' for cell 'design_1_i/processing_system7_0'
INFO: [Project 1-454] Reading design checkpoint 'd:/12tree6depth/design_1/ip/design_1_random_forest_elepha_0_0/design_1_random_forest_elepha_0_0.dcp' for cell 'design_1_i/random_forest_elepha_0'
INFO: [Project 1-454] Reading design checkpoint 'd:/12tree6depth/design_1/ip/design_1_xbar_0/design_1_xbar_0.dcp' for cell 'design_1_i/axi_interconnect_0/xbar'
INFO: [Project 1-454] Reading design checkpoint 'd:/12tree6depth/design_1/ip/design_1_auto_pc_0/design_1_auto_pc_0.dcp' for cell 'design_1_i/axi_interconnect_0/s00_couplers/auto_pc'
Netlist sorting complete. Time (s): cpu = 00:00:00 ; elapsed = 00:00:00.104 . Memory (MB): peak = 2034.895 ; gain = 0.000
INFO: [Netlist 29-17] Analyzing 25 Unisim elements for replacement
INFO: [Netlist 29-28] Unisim Transformation completed in 0 CPU seconds
INFO: [Project 1-479] Netlist was created with Vivado 2024.1
INFO: [Project 1-570] Preparing netlist for logic optimization
Parsing XDC File [d:/12tree6depth/design_1/ip/design_1_processing_system7_0_0/design_1_processing_system7_0_0.xdc] for cell 'design_1_i/processing_system7_0/inst'
Finished Parsing XDC File [d:/12tree6depth/design_1/ip/design_1_processing_system7_0_0/design_1_processing_system7_0_0.xdc] for cell 'design_1_i/processing_system7_0/inst'
Parsing XDC File [d:/12tree6depth/design_1/ip/design_1_axi_gpio_0_0/design_1_axi_gpio_0_0_board.xdc] for cell 'design_1_i/axi_gpio_0/U0'
Finished Parsing XDC File [d:/12tree6depth/design_1/ip/design_1_axi_gpio_0_0/design_1_axi_gpio_0_0_board.xdc] for cell 'design_1_i/axi_gpio_0/U0'
Parsing XDC File [d:/12tree6depth/design_1/ip/design_1_axi_gpio_0_0/design_1_axi_gpio_0_0.xdc] for cell 'design_1_i/axi_gpio_0/U0'
Finished Parsing XDC File [d:/12tree6depth/design_1/ip/design_1_axi_gpio_0_0/design_1_axi_gpio_0_0.xdc] for cell 'design_1_i/axi_gpio_0/U0'
Parsing XDC File [d:/12tree6depth/design_1/ip/design_1_axi_gpio_0_2/design_1_axi_gpio_0_2_board.xdc] for cell 'design_1_i/axi_gpio_1/U0'
Finished Parsing XDC File [d:/12tree6depth/design_1/ip/design_1_axi_gpio_0_2/design_1_axi_gpio_0_2_board.xdc] for cell 'design_1_i/axi_gpio_1/U0'
Parsing XDC File [d:/12tree6depth/design_1/ip/design_1_axi_gpio_0_2/design_1_axi_gpio_0_2.xdc] for cell 'design_1_i/axi_gpio_1/U0'
Finished Parsing XDC File [d:/12tree6depth/design_1/ip/design_1_axi_gpio_0_2/design_1_axi_gpio_0_2.xdc] for cell 'design_1_i/axi_gpio_1/U0'
Parsing XDC File [d:/12tree6depth/design_1/ip/design_1_axi_gpio_0_3/design_1_axi_gpio_0_3_board.xdc] for cell 'design_1_i/axi_gpio_2/U0'
Finished Parsing XDC File [d:/12tree6depth/design_1/ip/design_1_axi_gpio_0_3/design_1_axi_gpio_0_3_board.xdc] for cell 'design_1_i/axi_gpio_2/U0'
Parsing XDC File [d:/12tree6depth/design_1/ip/design_1_axi_gpio_0_3/design_1_axi_gpio_0_3.xdc] for cell 'design_1_i/axi_gpio_2/U0'
Finished Parsing XDC File [d:/12tree6depth/design_1/ip/design_1_axi_gpio_0_3/design_1_axi_gpio_0_3.xdc] for cell 'design_1_i/axi_gpio_2/U0'
Parsing XDC File [d:/12tree6depth/design_1/ip/design_1_axi_gpio_0_4/design_1_axi_gpio_0_4_board.xdc] for cell 'design_1_i/axi_gpio_3/U0'
Finished Parsing XDC File [d:/12tree6depth/design_1/ip/design_1_axi_gpio_0_4/design_1_axi_gpio_0_4_board.xdc] for cell 'design_1_i/axi_gpio_3/U0'
Parsing XDC File [d:/12tree6depth/design_1/ip/design_1_axi_gpio_0_4/design_1_axi_gpio_0_4.xdc] for cell 'design_1_i/axi_gpio_3/U0'
Finished Parsing XDC File [d:/12tree6depth/design_1/ip/design_1_axi_gpio_0_4/design_1_axi_gpio_0_4.xdc] for cell 'design_1_i/axi_gpio_3/U0'
Parsing XDC File [d:/12tree6depth/design_1/ip/design_1_axi_gpio_0_5/design_1_axi_gpio_0_5_board.xdc] for cell 'design_1_i/axi_gpio_4/U0'
Finished Parsing XDC File [d:/12tree6depth/design_1/ip/design_1_axi_gpio_0_5/design_1_axi_gpio_0_5_board.xdc] for cell 'design_1_i/axi_gpio_4/U0'
Parsing XDC File [d:/12tree6depth/design_1/ip/design_1_axi_gpio_0_5/design_1_axi_gpio_0_5.xdc] for cell 'design_1_i/axi_gpio_4/U0'
Finished Parsing XDC File [d:/12tree6depth/design_1/ip/design_1_axi_gpio_0_5/design_1_axi_gpio_0_5.xdc] for cell 'design_1_i/axi_gpio_4/U0'
Parsing XDC File [d:/12tree6depth/design_1/ip/design_1_axi_gpio_0_6/design_1_axi_gpio_0_6_board.xdc] for cell 'design_1_i/axi_gpio_5/U0'
Finished Parsing XDC File [d:/12tree6depth/design_1/ip/design_1_axi_gpio_0_6/design_1_axi_gpio_0_6_board.xdc] for cell 'design_1_i/axi_gpio_5/U0'
Parsing XDC File [d:/12tree6depth/design_1/ip/design_1_axi_gpio_0_6/design_1_axi_gpio_0_6.xdc] for cell 'design_1_i/axi_gpio_5/U0'
Finished Parsing XDC File [d:/12tree6depth/design_1/ip/design_1_axi_gpio_0_6/design_1_axi_gpio_0_6.xdc] for cell 'design_1_i/axi_gpio_5/U0'
Parsing XDC File [d:/12tree6depth/design_1/ip/design_1_axi_gpio_0_7/design_1_axi_gpio_0_7_board.xdc] for cell 'design_1_i/axi_gpio_6/U0'
Finished Parsing XDC File [d:/12tree6depth/design_1/ip/design_1_axi_gpio_0_7/design_1_axi_gpio_0_7_board.xdc] for cell 'design_1_i/axi_gpio_6/U0'
Parsing XDC File [d:/12tree6depth/design_1/ip/design_1_axi_gpio_0_7/design_1_axi_gpio_0_7.xdc] for cell 'design_1_i/axi_gpio_6/U0'
Finished Parsing XDC File [d:/12tree6depth/design_1/ip/design_1_axi_gpio_0_7/design_1_axi_gpio_0_7.xdc] for cell 'design_1_i/axi_gpio_6/U0'
Parsing XDC File [d:/12tree6depth/design_1/ip/design_1_axi_gpio_0_8/design_1_axi_gpio_0_8_board.xdc] for cell 'design_1_i/axi_gpio_7/U0'
Finished Parsing XDC File [d:/12tree6depth/design_1/ip/design_1_axi_gpio_0_8/design_1_axi_gpio_0_8_board.xdc] for cell 'design_1_i/axi_gpio_7/U0'
Parsing XDC File [d:/12tree6depth/design_1/ip/design_1_axi_gpio_0_8/design_1_axi_gpio_0_8.xdc] for cell 'design_1_i/axi_gpio_7/U0'
Finished Parsing XDC File [d:/12tree6depth/design_1/ip/design_1_axi_gpio_0_8/design_1_axi_gpio_0_8.xdc] for cell 'design_1_i/axi_gpio_7/U0'
Parsing XDC File [d:/12tree6depth/design_1/ip/design_1_axi_gpio_0_9/design_1_axi_gpio_0_9_board.xdc] for cell 'design_1_i/axi_gpio_8/U0'
Finished Parsing XDC File [d:/12tree6depth/design_1/ip/design_1_axi_gpio_0_9/design_1_axi_gpio_0_9_board.xdc] for cell 'design_1_i/axi_gpio_8/U0'
Parsing XDC File [d:/12tree6depth/design_1/ip/design_1_axi_gpio_0_9/design_1_axi_gpio_0_9.xdc] for cell 'design_1_i/axi_gpio_8/U0'
Finished Parsing XDC File [d:/12tree6depth/design_1/ip/design_1_axi_gpio_0_9/design_1_axi_gpio_0_9.xdc] for cell 'design_1_i/axi_gpio_8/U0'
Parsing XDC File [d:/12tree6depth/design_1/ip/design_1_axi_gpio_0_10/design_1_axi_gpio_0_10_board.xdc] for cell 'design_1_i/axi_gpio_9/U0'
Finished Parsing XDC File [d:/12tree6depth/design_1/ip/design_1_axi_gpio_0_10/design_1_axi_gpio_0_10_board.xdc] for cell 'design_1_i/axi_gpio_9/U0'
Parsing XDC File [d:/12tree6depth/design_1/ip/design_1_axi_gpio_0_10/design_1_axi_gpio_0_10.xdc] for cell 'design_1_i/axi_gpio_9/U0'
Finished Parsing XDC File [d:/12tree6depth/design_1/ip/design_1_axi_gpio_0_10/design_1_axi_gpio_0_10.xdc] for cell 'design_1_i/axi_gpio_9/U0'
Parsing XDC File [d:/12tree6depth/design_1/ip/design_1_axi_gpio_9_0/design_1_axi_gpio_9_0_board.xdc] for cell 'design_1_i/axi_gpio_10/U0'
Finished Parsing XDC File [d:/12tree6depth/design_1/ip/design_1_axi_gpio_9_0/design_1_axi_gpio_9_0_board.xdc] for cell 'design_1_i/axi_gpio_10/U0'
Parsing XDC File [d:/12tree6depth/design_1/ip/design_1_axi_gpio_9_0/design_1_axi_gpio_9_0.xdc] for cell 'design_1_i/axi_gpio_10/U0'
Finished Parsing XDC File [d:/12tree6depth/design_1/ip/design_1_axi_gpio_9_0/design_1_axi_gpio_9_0.xdc] for cell 'design_1_i/axi_gpio_10/U0'
Parsing XDC File [d:/12tree6depth/design_1/ip/design_1_axi_gpio_9_1/design_1_axi_gpio_9_1_board.xdc] for cell 'design_1_i/axi_gpio_11/U0'
Finished Parsing XDC File [d:/12tree6depth/design_1/ip/design_1_axi_gpio_9_1/design_1_axi_gpio_9_1_board.xdc] for cell 'design_1_i/axi_gpio_11/U0'
Parsing XDC File [d:/12tree6depth/design_1/ip/design_1_axi_gpio_9_1/design_1_axi_gpio_9_1.xdc] for cell 'design_1_i/axi_gpio_11/U0'
Finished Parsing XDC File [d:/12tree6depth/design_1/ip/design_1_axi_gpio_9_1/design_1_axi_gpio_9_1.xdc] for cell 'design_1_i/axi_gpio_11/U0'
Parsing XDC File [d:/12tree6depth/design_1/ip/design_1_proc_sys_reset_0_0/design_1_proc_sys_reset_0_0_board.xdc] for cell 'design_1_i/proc_sys_reset_0/U0'
Finished Parsing XDC File [d:/12tree6depth/design_1/ip/design_1_proc_sys_reset_0_0/design_1_proc_sys_reset_0_0_board.xdc] for cell 'design_1_i/proc_sys_reset_0/U0'
Parsing XDC File [d:/12tree6depth/design_1/ip/design_1_proc_sys_reset_0_0/design_1_proc_sys_reset_0_0.xdc] for cell 'design_1_i/proc_sys_reset_0/U0'
Finished Parsing XDC File [d:/12tree6depth/design_1/ip/design_1_proc_sys_reset_0_0/design_1_proc_sys_reset_0_0.xdc] for cell 'design_1_i/proc_sys_reset_0/U0'
INFO: [Opt 31-138] Pushed 0 inverter(s) to 0 load pin(s).
Netlist sorting complete. Time (s): cpu = 00:00:00 ; elapsed = 00:00:00.002 . Memory (MB): peak = 2182.402 ; gain = 0.000
INFO: [Project 1-111] Unisim Transformation Summary:
No Unisim elements were transformed.

open_run: Time (s): cpu = 00:00:17 ; elapsed = 00:00:11 . Memory (MB): peak = 2301.176 ; gain = 661.734
report_timing_summary -delay_type min_max -report_unconstrained -check_timing_verbose -max_paths 10 -input_pins -routable_nets -name timing_1
INFO: [Timing 38-35] Done setting XDC timing constraints.
INFO: [Timing 38-91] UpdateTimingParams: Speed grade: -1, Delay Type: min_max.
INFO: [Timing 38-191] Multithreading enabled for timing update using a maximum of 2 CPUs
report_timing_summary: Time (s): cpu = 00:00:08 ; elapsed = 00:00:07 . Memory (MB): peak = 2828.191 ; gain = 527.016
report_power -name {power_1}
Command: report_power -name power_1
Running Vector-less Activity Propagation...

Finished Running Vector-less Activity Propagation
0 Infos, 0 Warnings, 0 Critical Warnings and 0 Errors encountered.
report_power completed successfully
report_utilization -name utilization_1
close_design
open_run synth_1 -name synth_1
Design is defaulting to impl run constrset: constrs_1
Design is defaulting to synth run part: xc7z010clg400-1
INFO: [Project 1-454] Reading design checkpoint 'd:/12tree6depth/design_1/ip/design_1_axi_gpio_0_0/design_1_axi_gpio_0_0.dcp' for cell 'design_1_i/axi_gpio_0'
INFO: [Project 1-454] Reading design checkpoint 'd:/12tree6depth/design_1/ip/design_1_axi_gpio_0_2/design_1_axi_gpio_0_2.dcp' for cell 'design_1_i/axi_gpio_1'
INFO: [Project 1-454] Reading design checkpoint 'd:/12tree6depth/design_1/ip/design_1_axi_gpio_9_0/design_1_axi_gpio_9_0.dcp' for cell 'design_1_i/axi_gpio_10'
INFO: [Project 1-454] Reading design checkpoint 'd:/12tree6depth/design_1/ip/design_1_axi_gpio_9_1/design_1_axi_gpio_9_1.dcp' for cell 'design_1_i/axi_gpio_11'
INFO: [Project 1-454] Reading design checkpoint 'd:/12tree6depth/design_1/ip/design_1_axi_gpio_0_3/design_1_axi_gpio_0_3.dcp' for cell 'design_1_i/axi_gpio_2'
INFO: [Project 1-454] Reading design checkpoint 'd:/12tree6depth/design_1/ip/design_1_axi_gpio_0_4/design_1_axi_gpio_0_4.dcp' for cell 'design_1_i/axi_gpio_3'
INFO: [Project 1-454] Reading design checkpoint 'd:/12tree6depth/design_1/ip/design_1_axi_gpio_0_5/design_1_axi_gpio_0_5.dcp' for cell 'design_1_i/axi_gpio_4'
INFO: [Project 1-454] Reading design checkpoint 'd:/12tree6depth/design_1/ip/design_1_axi_gpio_0_6/design_1_axi_gpio_0_6.dcp' for cell 'design_1_i/axi_gpio_5'
INFO: [Project 1-454] Reading design checkpoint 'd:/12tree6depth/design_1/ip/design_1_axi_gpio_0_7/design_1_axi_gpio_0_7.dcp' for cell 'design_1_i/axi_gpio_6'
INFO: [Project 1-454] Reading design checkpoint 'd:/12tree6depth/design_1/ip/design_1_axi_gpio_0_8/design_1_axi_gpio_0_8.dcp' for cell 'design_1_i/axi_gpio_7'
INFO: [Project 1-454] Reading design checkpoint 'd:/12tree6depth/design_1/ip/design_1_axi_gpio_0_9/design_1_axi_gpio_0_9.dcp' for cell 'design_1_i/axi_gpio_8'
INFO: [Project 1-454] Reading design checkpoint 'd:/12tree6depth/design_1/ip/design_1_axi_gpio_0_10/design_1_axi_gpio_0_10.dcp' for cell 'design_1_i/axi_gpio_9'
INFO: [Project 1-454] Reading design checkpoint 'd:/12tree6depth/design_1/ip/design_1_proc_sys_reset_0_0/design_1_proc_sys_reset_0_0.dcp' for cell 'design_1_i/proc_sys_reset_0'
INFO: [Project 1-454] Reading design checkpoint 'd:/12tree6depth/design_1/ip/design_1_processing_system7_0_0/design_1_processing_system7_0_0.dcp' for cell 'design_1_i/processing_system7_0'
INFO: [Project 1-454] Reading design checkpoint 'd:/12tree6depth/design_1/ip/design_1_random_forest_elepha_0_0/design_1_random_forest_elepha_0_0.dcp' for cell 'design_1_i/random_forest_elepha_0'
INFO: [Project 1-454] Reading design checkpoint 'd:/12tree6depth/design_1/ip/design_1_xbar_0/design_1_xbar_0.dcp' for cell 'design_1_i/axi_interconnect_0/xbar'
INFO: [Project 1-454] Reading design checkpoint 'd:/12tree6depth/design_1/ip/design_1_auto_pc_0/design_1_auto_pc_0.dcp' for cell 'design_1_i/axi_interconnect_0/s00_couplers/auto_pc'
Netlist sorting complete. Time (s): cpu = 00:00:00 ; elapsed = 00:00:00.104 . Memory (MB): peak = 2911.555 ; gain = 0.000
INFO: [Netlist 29-17] Analyzing 25 Unisim elements for replacement
INFO: [Netlist 29-28] Unisim Transformation completed in 0 CPU seconds
INFO: [Project 1-479] Netlist was created with Vivado 2024.1
INFO: [Project 1-570] Preparing netlist for logic optimization
Parsing XDC File [d:/12tree6depth/design_1/ip/design_1_processing_system7_0_0/design_1_processing_system7_0_0.xdc] for cell 'design_1_i/processing_system7_0/inst'
Finished Parsing XDC File [d:/12tree6depth/design_1/ip/design_1_processing_system7_0_0/design_1_processing_system7_0_0.xdc] for cell 'design_1_i/processing_system7_0/inst'
Parsing XDC File [d:/12tree6depth/design_1/ip/design_1_axi_gpio_0_0/design_1_axi_gpio_0_0_board.xdc] for cell 'design_1_i/axi_gpio_0/U0'
Finished Parsing XDC File [d:/12tree6depth/design_1/ip/design_1_axi_gpio_0_0/design_1_axi_gpio_0_0_board.xdc] for cell 'design_1_i/axi_gpio_0/U0'
Parsing XDC File [d:/12tree6depth/design_1/ip/design_1_axi_gpio_0_0/design_1_axi_gpio_0_0.xdc] for cell 'design_1_i/axi_gpio_0/U0'
Finished Parsing XDC File [d:/12tree6depth/design_1/ip/design_1_axi_gpio_0_0/design_1_axi_gpio_0_0.xdc] for cell 'design_1_i/axi_gpio_0/U0'
Parsing XDC File [d:/12tree6depth/design_1/ip/design_1_axi_gpio_0_2/design_1_axi_gpio_0_2_board.xdc] for cell 'design_1_i/axi_gpio_1/U0'
Finished Parsing XDC File [d:/12tree6depth/design_1/ip/design_1_axi_gpio_0_2/design_1_axi_gpio_0_2_board.xdc] for cell 'design_1_i/axi_gpio_1/U0'
Parsing XDC File [d:/12tree6depth/design_1/ip/design_1_axi_gpio_0_2/design_1_axi_gpio_0_2.xdc] for cell 'design_1_i/axi_gpio_1/U0'
Finished Parsing XDC File [d:/12tree6depth/design_1/ip/design_1_axi_gpio_0_2/design_1_axi_gpio_0_2.xdc] for cell 'design_1_i/axi_gpio_1/U0'
Parsing XDC File [d:/12tree6depth/design_1/ip/design_1_axi_gpio_0_3/design_1_axi_gpio_0_3_board.xdc] for cell 'design_1_i/axi_gpio_2/U0'
Finished Parsing XDC File [d:/12tree6depth/design_1/ip/design_1_axi_gpio_0_3/design_1_axi_gpio_0_3_board.xdc] for cell 'design_1_i/axi_gpio_2/U0'
Parsing XDC File [d:/12tree6depth/design_1/ip/design_1_axi_gpio_0_3/design_1_axi_gpio_0_3.xdc] for cell 'design_1_i/axi_gpio_2/U0'
Finished Parsing XDC File [d:/12tree6depth/design_1/ip/design_1_axi_gpio_0_3/design_1_axi_gpio_0_3.xdc] for cell 'design_1_i/axi_gpio_2/U0'
Parsing XDC File [d:/12tree6depth/design_1/ip/design_1_axi_gpio_0_4/design_1_axi_gpio_0_4_board.xdc] for cell 'design_1_i/axi_gpio_3/U0'
Finished Parsing XDC File [d:/12tree6depth/design_1/ip/design_1_axi_gpio_0_4/design_1_axi_gpio_0_4_board.xdc] for cell 'design_1_i/axi_gpio_3/U0'
Parsing XDC File [d:/12tree6depth/design_1/ip/design_1_axi_gpio_0_4/design_1_axi_gpio_0_4.xdc] for cell 'design_1_i/axi_gpio_3/U0'
Finished Parsing XDC File [d:/12tree6depth/design_1/ip/design_1_axi_gpio_0_4/design_1_axi_gpio_0_4.xdc] for cell 'design_1_i/axi_gpio_3/U0'
Parsing XDC File [d:/12tree6depth/design_1/ip/design_1_axi_gpio_0_5/design_1_axi_gpio_0_5_board.xdc] for cell 'design_1_i/axi_gpio_4/U0'
Finished Parsing XDC File [d:/12tree6depth/design_1/ip/design_1_axi_gpio_0_5/design_1_axi_gpio_0_5_board.xdc] for cell 'design_1_i/axi_gpio_4/U0'
Parsing XDC File [d:/12tree6depth/design_1/ip/design_1_axi_gpio_0_5/design_1_axi_gpio_0_5.xdc] for cell 'design_1_i/axi_gpio_4/U0'
Finished Parsing XDC File [d:/12tree6depth/design_1/ip/design_1_axi_gpio_0_5/design_1_axi_gpio_0_5.xdc] for cell 'design_1_i/axi_gpio_4/U0'
Parsing XDC File [d:/12tree6depth/design_1/ip/design_1_axi_gpio_0_6/design_1_axi_gpio_0_6_board.xdc] for cell 'design_1_i/axi_gpio_5/U0'
Finished Parsing XDC File [d:/12tree6depth/design_1/ip/design_1_axi_gpio_0_6/design_1_axi_gpio_0_6_board.xdc] for cell 'design_1_i/axi_gpio_5/U0'
Parsing XDC File [d:/12tree6depth/design_1/ip/design_1_axi_gpio_0_6/design_1_axi_gpio_0_6.xdc] for cell 'design_1_i/axi_gpio_5/U0'
Finished Parsing XDC File [d:/12tree6depth/design_1/ip/design_1_axi_gpio_0_6/design_1_axi_gpio_0_6.xdc] for cell 'design_1_i/axi_gpio_5/U0'
Parsing XDC File [d:/12tree6depth/design_1/ip/design_1_axi_gpio_0_7/design_1_axi_gpio_0_7_board.xdc] for cell 'design_1_i/axi_gpio_6/U0'
Finished Parsing XDC File [d:/12tree6depth/design_1/ip/design_1_axi_gpio_0_7/design_1_axi_gpio_0_7_board.xdc] for cell 'design_1_i/axi_gpio_6/U0'
Parsing XDC File [d:/12tree6depth/design_1/ip/design_1_axi_gpio_0_7/design_1_axi_gpio_0_7.xdc] for cell 'design_1_i/axi_gpio_6/U0'
Finished Parsing XDC File [d:/12tree6depth/design_1/ip/design_1_axi_gpio_0_7/design_1_axi_gpio_0_7.xdc] for cell 'design_1_i/axi_gpio_6/U0'
Parsing XDC File [d:/12tree6depth/design_1/ip/design_1_axi_gpio_0_8/design_1_axi_gpio_0_8_board.xdc] for cell 'design_1_i/axi_gpio_7/U0'
Finished Parsing XDC File [d:/12tree6depth/design_1/ip/design_1_axi_gpio_0_8/design_1_axi_gpio_0_8_board.xdc] for cell 'design_1_i/axi_gpio_7/U0'
Parsing XDC File [d:/12tree6depth/design_1/ip/design_1_axi_gpio_0_8/design_1_axi_gpio_0_8.xdc] for cell 'design_1_i/axi_gpio_7/U0'
Finished Parsing XDC File [d:/12tree6depth/design_1/ip/design_1_axi_gpio_0_8/design_1_axi_gpio_0_8.xdc] for cell 'design_1_i/axi_gpio_7/U0'
Parsing XDC File [d:/12tree6depth/design_1/ip/design_1_axi_gpio_0_9/design_1_axi_gpio_0_9_board.xdc] for cell 'design_1_i/axi_gpio_8/U0'
Finished Parsing XDC File [d:/12tree6depth/design_1/ip/design_1_axi_gpio_0_9/design_1_axi_gpio_0_9_board.xdc] for cell 'design_1_i/axi_gpio_8/U0'
Parsing XDC File [d:/12tree6depth/design_1/ip/design_1_axi_gpio_0_9/design_1_axi_gpio_0_9.xdc] for cell 'design_1_i/axi_gpio_8/U0'
Finished Parsing XDC File [d:/12tree6depth/design_1/ip/design_1_axi_gpio_0_9/design_1_axi_gpio_0_9.xdc] for cell 'design_1_i/axi_gpio_8/U0'
Parsing XDC File [d:/12tree6depth/design_1/ip/design_1_axi_gpio_0_10/design_1_axi_gpio_0_10_board.xdc] for cell 'design_1_i/axi_gpio_9/U0'
Finished Parsing XDC File [d:/12tree6depth/design_1/ip/design_1_axi_gpio_0_10/design_1_axi_gpio_0_10_board.xdc] for cell 'design_1_i/axi_gpio_9/U0'
Parsing XDC File [d:/12tree6depth/design_1/ip/design_1_axi_gpio_0_10/design_1_axi_gpio_0_10.xdc] for cell 'design_1_i/axi_gpio_9/U0'
Finished Parsing XDC File [d:/12tree6depth/design_1/ip/design_1_axi_gpio_0_10/design_1_axi_gpio_0_10.xdc] for cell 'design_1_i/axi_gpio_9/U0'
Parsing XDC File [d:/12tree6depth/design_1/ip/design_1_axi_gpio_9_0/design_1_axi_gpio_9_0_board.xdc] for cell 'design_1_i/axi_gpio_10/U0'
Finished Parsing XDC File [d:/12tree6depth/design_1/ip/design_1_axi_gpio_9_0/design_1_axi_gpio_9_0_board.xdc] for cell 'design_1_i/axi_gpio_10/U0'
Parsing XDC File [d:/12tree6depth/design_1/ip/design_1_axi_gpio_9_0/design_1_axi_gpio_9_0.xdc] for cell 'design_1_i/axi_gpio_10/U0'
Finished Parsing XDC File [d:/12tree6depth/design_1/ip/design_1_axi_gpio_9_0/design_1_axi_gpio_9_0.xdc] for cell 'design_1_i/axi_gpio_10/U0'
Parsing XDC File [d:/12tree6depth/design_1/ip/design_1_axi_gpio_9_1/design_1_axi_gpio_9_1_board.xdc] for cell 'design_1_i/axi_gpio_11/U0'
Finished Parsing XDC File [d:/12tree6depth/design_1/ip/design_1_axi_gpio_9_1/design_1_axi_gpio_9_1_board.xdc] for cell 'design_1_i/axi_gpio_11/U0'
Parsing XDC File [d:/12tree6depth/design_1/ip/design_1_axi_gpio_9_1/design_1_axi_gpio_9_1.xdc] for cell 'design_1_i/axi_gpio_11/U0'
Finished Parsing XDC File [d:/12tree6depth/design_1/ip/design_1_axi_gpio_9_1/design_1_axi_gpio_9_1.xdc] for cell 'design_1_i/axi_gpio_11/U0'
Parsing XDC File [d:/12tree6depth/design_1/ip/design_1_proc_sys_reset_0_0/design_1_proc_sys_reset_0_0_board.xdc] for cell 'design_1_i/proc_sys_reset_0/U0'
Finished Parsing XDC File [d:/12tree6depth/design_1/ip/design_1_proc_sys_reset_0_0/design_1_proc_sys_reset_0_0_board.xdc] for cell 'design_1_i/proc_sys_reset_0/U0'
Parsing XDC File [d:/12tree6depth/design_1/ip/design_1_proc_sys_reset_0_0/design_1_proc_sys_reset_0_0.xdc] for cell 'design_1_i/proc_sys_reset_0/U0'
Finished Parsing XDC File [d:/12tree6depth/design_1/ip/design_1_proc_sys_reset_0_0/design_1_proc_sys_reset_0_0.xdc] for cell 'design_1_i/proc_sys_reset_0/U0'
INFO: [Opt 31-138] Pushed 0 inverter(s) to 0 load pin(s).
Netlist sorting complete. Time (s): cpu = 00:00:00 ; elapsed = 00:00:00.001 . Memory (MB): peak = 2911.555 ; gain = 0.000
INFO: [Project 1-111] Unisim Transformation Summary:
No Unisim elements were transformed.

open_run: Time (s): cpu = 00:00:09 ; elapsed = 00:00:06 . Memory (MB): peak = 2911.555 ; gain = 0.000
report_timing_summary -delay_type min_max -report_unconstrained -check_timing_verbose -max_paths 10 -input_pins -routable_nets -name timing_1
INFO: [Timing 38-35] Done setting XDC timing constraints.
INFO: [Timing 38-91] UpdateTimingParams: Speed grade: -1, Delay Type: min_max.
INFO: [Timing 38-191] Multithreading enabled for timing update using a maximum of 2 CPUs
report_timing_summary: Time (s): cpu = 00:00:07 ; elapsed = 00:00:06 . Memory (MB): peak = 2911.691 ; gain = 0.137
report_power -name {power_1}
Command: report_power -name power_1
Running Vector-less Activity Propagation...

Finished Running Vector-less Activity Propagation
0 Infos, 0 Warnings, 0 Critical Warnings and 0 Errors encountered.
report_power completed successfully
report_utilization -name utilization_1
close_design
open_run impl_1
Netlist sorting complete. Time (s): cpu = 00:00:00 ; elapsed = 00:00:00.102 . Memory (MB): peak = 2973.605 ; gain = 0.000
INFO: [Netlist 29-17] Analyzing 25 Unisim elements for replacement
INFO: [Netlist 29-28] Unisim Transformation completed in 0 CPU seconds
INFO: [Project 1-479] Netlist was created with Vivado 2024.1
INFO: [Project 1-570] Preparing netlist for logic optimization
Read ShapeDB Complete: Time (s): cpu = 00:00:00 ; elapsed = 00:00:00.024 . Memory (MB): peak = 2973.605 ; gain = 0.000
INFO: [Timing 38-478] Restoring timing data from binary archive.
INFO: [Timing 38-479] Binary timing data restore complete.
INFO: [Project 1-856] Restoring constraints from binary archive.
INFO: [Project 1-853] Binary constraint restore complete.
INFO: [Designutils 20-5722] Start Reading Physical Databases.
Reading placement.
Read Netlist Cache: Time (s): cpu = 00:00:00 ; elapsed = 00:00:00.004 . Memory (MB): peak = 2973.605 ; gain = 0.000
Reading placer database...
Read Device Cache: Time (s): cpu = 00:00:00 ; elapsed = 00:00:00.016 . Memory (MB): peak = 2973.605 ; gain = 0.000
Read PlaceDB: Time (s): cpu = 00:00:00 ; elapsed = 00:00:00.232 . Memory (MB): peak = 2973.605 ; gain = 0.000
Read PulsedLatchDB: Time (s): cpu = 00:00:00 ; elapsed = 00:00:00 . Memory (MB): peak = 2973.605 ; gain = 0.000
Reading routing.
Read RouteStorage: Time (s): cpu = 00:00:00 ; elapsed = 00:00:00.073 . Memory (MB): peak = 2973.605 ; gain = 0.000
Read Physdb Files: Time (s): cpu = 00:00:00 ; elapsed = 00:00:00.337 . Memory (MB): peak = 2973.605 ; gain = 0.000
Restored from archive | CPU: 0.000000 secs | Memory: 0.000000 MB |
Finished XDEF File Restore: Time (s): cpu = 00:00:00 ; elapsed = 00:00:00.337 . Memory (MB): peak = 2973.605 ; gain = 0.000
Netlist sorting complete. Time (s): cpu = 00:00:00 ; elapsed = 00:00:00.001 . Memory (MB): peak = 2973.605 ; gain = 0.000
INFO: [Project 1-111] Unisim Transformation Summary:
No Unisim elements were transformed.

open_run: Time (s): cpu = 00:00:14 ; elapsed = 00:00:10 . Memory (MB): peak = 2987.445 ; gain = 13.840
report_timing_summary -delay_type min_max -report_unconstrained -check_timing_verbose -max_paths 10 -input_pins -routable_nets -name timing_1
INFO: [Timing 38-91] UpdateTimingParams: Speed grade: -1, Delay Type: min_max.
INFO: [Timing 38-191] Multithreading enabled for timing update using a maximum of 2 CPUs
report_utilization -name utilization_1
exit
INFO: [Common 17-206] Exiting Vivado at Fri Mar 13 13:38:47 2026...
