
*** Running vivado
    with args -log design_1_axi_gpio_0_0.vds -m64 -product Vivado -mode batch -messageDb vivado.pb -notrace -source design_1_axi_gpio_0_0.tcl



****** Vivado v2024.1 (64-bit)
  **** SW Build 5076996 on Wed May 22 18:37:14 MDT 2024
  **** IP Build 5075265 on Wed May 22 21:45:21 MDT 2024
  **** SharedData Build 5076995 on Wed May 22 18:29:18 MDT 2024
  **** Start of session at: Thu Mar 12 20:12:22 2026
    ** Copyright 1986-2022 Xilinx, Inc. All Rights Reserved.
    ** Copyright 2022-2024 Advanced Micro Devices, Inc. All Rights Reserved.

source design_1_axi_gpio_0_0.tcl -notrace
create_project: Time (s): cpu = 00:00:08 ; elapsed = 00:00:09 . Memory (MB): peak = 513.258 ; gain = 200.168
INFO: [IP_Flow 19-234] Refreshing IP repositories
INFO: [IP_Flow 19-1700] Loaded user IP repository 'd:/12tree6depth'.
WARNING: [IP_Flow 19-3656] If you move the project, the path for repository 'd:/12tree6depth' may become invalid. A better location for the repository would be in a path adjacent to the project. (Current project location is 'd:/12tree6depth/12tree6depth.runs/design_1_axi_gpio_0_0_synth_1'.)
INFO: [IP_Flow 19-2313] Loaded Vivado IP repository 'D:/AMDXILINX/Tool/Vivado/2024.1/data/ip'.
INFO: [IP_Flow 19-6924] IPCACHE: Running cache check for IP inst: design_1_axi_gpio_0_0
INFO: [IP_Flow 19-6922] IPCACHE: Exporting cached entry 1f013281323fa2cf to dir: D:/12tree6depth/12tree6depth.runs/design_1_axi_gpio_0_0_synth_1
INFO: [IP_Flow 19-6928] IPCACHE: copied cached file d:/12tree6depth/12tree6depth.cache/ip/2024.1/1/f/1f013281323fa2cf/design_1_axi_gpio_0_2.dcp to D:/12tree6depth/12tree6depth.runs/design_1_axi_gpio_0_0_synth_1/design_1_axi_gpio_0_0.dcp.
INFO: [IP_Flow 19-6928] IPCACHE: copied cached file d:/12tree6depth/12tree6depth.cache/ip/2024.1/1/f/1f013281323fa2cf/design_1_axi_gpio_0_2_sim_netlist.v to D:/12tree6depth/12tree6depth.runs/design_1_axi_gpio_0_0_synth_1/design_1_axi_gpio_0_0_sim_netlist.v.
INFO: [IP_Flow 19-6928] IPCACHE: copied cached file d:/12tree6depth/12tree6depth.cache/ip/2024.1/1/f/1f013281323fa2cf/design_1_axi_gpio_0_2_sim_netlist.vhdl to D:/12tree6depth/12tree6depth.runs/design_1_axi_gpio_0_0_synth_1/design_1_axi_gpio_0_0_sim_netlist.vhdl.
INFO: [IP_Flow 19-6928] IPCACHE: copied cached file d:/12tree6depth/12tree6depth.cache/ip/2024.1/1/f/1f013281323fa2cf/design_1_axi_gpio_0_2_stub.v to D:/12tree6depth/12tree6depth.runs/design_1_axi_gpio_0_0_synth_1/design_1_axi_gpio_0_0_stub.v.
INFO: [IP_Flow 19-6928] IPCACHE: copied cached file d:/12tree6depth/12tree6depth.cache/ip/2024.1/1/f/1f013281323fa2cf/design_1_axi_gpio_0_2_stub.vhdl to D:/12tree6depth/12tree6depth.runs/design_1_axi_gpio_0_0_synth_1/design_1_axi_gpio_0_0_stub.vhdl.
INFO: [IP_Flow 19-4838] Using cached IP synthesis design for IP design_1_axi_gpio_0_0, cache-ID = 1f013281323fa2cf.
INFO: [Common 17-206] Exiting Vivado at Thu Mar 12 20:12:34 2026...
